<html>
<body>
<pre>
<h1>µVision Build Log</h1>
<h2>Tool Versions:</h2>
IDE-Version: µVision V5.26.2.0
Copyright (C) 2018 ARM Ltd and ARM Germany GmbH. All rights reserved.
License Information: smth SRK, smth, LIC=----
 
Tool Versions:
Toolchain:       MDK-Lite  Version: 5.26.2.0
Toolchain Path:  C:\Keil_v5\ARM\ARMCC\Bin
C Compiler:      Armcc.exe V5.06 update 6 (build 750)
Assembler:       Armasm.exe V5.06 update 6 (build 750)
Linker/Locator:  ArmLink.exe V5.06 update 6 (build 750)
Library Manager: ArmAr.exe V5.06 update 6 (build 750)
Hex Converter:   FromElf.exe V5.06 update 6 (build 750)
CPU DLL:         SARMCM3.DLL V5.26.2.0
Dialog DLL:      DARMCM1.DLL V1.19.1.0
Target DLL:      PEMicro\Pemicro_ArmCortexInterface.dll V1.11
Dialog DLL:      TARMCM1.DLL V1.14.0.0
 
<h2>Project:</h2>
D:\embedded\final_lab\Belt-Fasten-Controller.uvprojx
Project File Date:  12/19/2023

<h2>Output:</h2>
*** Using Compiler 'V5.06 update 6 (build 750)', folder: 'C:\Keil_v5\ARM\ARMCC\Bin'
Build target 'Target 1'
compiling main.c...
main.c(23): warning:  #1295-D: Deprecated declaration toggle_LED - give arg types
  void toggle_LED();
main.c(109): warning:  #188-D: enumerated type mixed with another type
      NVIC_ClearPendingIRQ(31);
main.c(111): warning:  #188-D: enumerated type mixed with another type
      NVIC_EnableIRQ(31);
main.c(246): warning:  #111-D: statement is unreachable
      return 0;
main.c(247): warning:  #1-D: last line of file ends without a newline
  }
main.c: 5 warnings, 0 errors
linking...
.\Objects\Belt-Fasten-Controller.axf: Warning: L6914W: option ro-base ignored when using --scatter.
.\Objects\Belt-Fasten-Controller.axf: Warning: L6914W: option rw-base ignored when using --scatter.
.\Objects\Belt-Fasten-Controller.axf: Warning: L6340W: options first and last are ignored for link type of scattered
Program Size: Code=4644 RO-data=308 RW-data=64 ZI-data=2060  
Finished: 0 information, 3 warning and 0 error messages.
".\Objects\Belt-Fasten-Controller.axf" - 0 Error(s), 8 Warning(s).

<h2>Software Packages used:</h2>

Package Vendor: ARM
                http://www.keil.com/pack/ARM.CMSIS.5.9.0.pack
                ARM.CMSIS.5.9.0
                CMSIS (Common Microcontroller Software Interface Standard)
   * Component: CORE Version: 5.6.0

Package Vendor: NXP
                http://mcuxpresso.nxp.com/cmsis_pack/repo/NXP.MKL46Z4_DFP.10.0.3.pack
                NXP.MKL46Z4_DFP.10.0.3
                Device Family Pack for MKL46Z4
   * Component: project_template Variant: MKL46Z4 Version: 1.0.0
   * Component: clock Version: 2.1.0
   * Component: common Version: 2.0.0
   * Component: flash Version: 3.0.0
   * Component: gpio Version: 2.2.1
   * Component: i2c Version: 2.0.5
   * Component: lpsci Version: 2.0.4
   * Component: port Version: 2.0.2
   * Component: smc Version: 2.0.3
   * Component: uart Version: 2.1.5
   * Component: debug_console Version: 1.0.0
   * Component: Startup Version: 1.0.0

<h2>Collection of Component include folders:</h2>
  .\RTE\Board_Support\MKL46Z256VLL4
  .\RTE\Device\MKL46Z256VLL4
  .\RTE\_Target_1
  C:\Keil_v5\ARM\PACK\ARM\CMSIS\5.9.0\CMSIS\Core\Include
  C:\Keil_v5\ARM\PACK\NXP\MKL46Z4_DFP\10.0.3\drivers
  C:\Keil_v5\ARM\PACK\NXP\MKL46Z4_DFP\10.0.3\utilities
  C:\Keil_v5\ARM\PACK\NXP\MKL46Z4_DFP\10.0.3\utilities\io
  C:\Keil_v5\ARM\PACK\NXP\MKL46Z4_DFP\10.0.3\utilities\log
  C:\Keil_v5\ARM\PACK\NXP\MKL46Z4_DFP\10.0.3\utilities\str

<h2>Collection of Component Files used:</h2>

   * Component: ARM::CMSIS:CORE:5.6.0

   * Component: NXP::Board Support:SDK Project Template:project_template:MKL46Z4:1.0.0
      Source file:   project_template\pin_mux.c
      Include file:  project_template\clock_config.h
      Source file:   project_template\peripherals.c
      Source file:   project_template\clock_config.c
      Include file:  project_template\pin_mux.h
      Source file:   project_template\board.c
      Include file:  project_template\board.h
      Include file:  project_template\peripherals.h

   * Component: NXP::Device:SDK Drivers:clock:2.1.0
      Source file:   drivers\fsl_clock.c
      Include file:  drivers\fsl_clock.h

   * Component: NXP::Device:SDK Drivers:common:2.0.0
      Source file:   drivers\fsl_common.c
      Include file:  drivers\fsl_common.h

   * Component: NXP::Device:SDK Drivers:flash:3.0.0
      Include file:  drivers\fsl_ftfx_features.h
      Source file:   drivers\fsl_ftfx_flash.c
      Include file:  drivers\fsl_ftfx_adapter.h
      Include file:  drivers\fsl_ftfx_flash.h
      Source file:   drivers\fsl_ftfx_flexnvm.c
      Include file:  drivers\fsl_ftfx_flexnvm.h
      Include file:  drivers\fsl_ftfx_utilities.h
      Source file:   drivers\fsl_ftfx_controller.c
      Source file:   drivers\fsl_ftfx_cache.c
      Include file:  drivers\fsl_flash.h
      Include file:  drivers\fsl_ftfx_cache.h
      Include file:  drivers\fsl_ftfx_controller.h

   * Component: NXP::Device:SDK Drivers:gpio:2.2.1
      Source file:   drivers\fsl_gpio.c
      Include file:  drivers\fsl_gpio.h

   * Component: NXP::Device:SDK Drivers:i2c:2.0.5
      Source file:   drivers\fsl_i2c.c
      Include file:  drivers\fsl_i2c.h

   * Component: NXP::Device:SDK Drivers:lpsci:2.0.4
      Source file:   drivers\fsl_lpsci.c
      Include file:  drivers\fsl_lpsci.h

   * Component: NXP::Device:SDK Drivers:port:2.0.2
      Include file:  drivers\fsl_port.h

   * Component: NXP::Device:SDK Drivers:smc:2.0.3
      Include file:  drivers\fsl_smc.h
      Source file:   drivers\fsl_smc.c

   * Component: NXP::Device:SDK Drivers:uart:2.1.5
      Source file:   drivers\fsl_uart.c
      Include file:  drivers\fsl_uart.h

   * Component: NXP::Device:SDK Utilities:debug_console:1.0.0
      Source file:   utilities\io\fsl_io.c
      Source file:   utilities\str\fsl_str.c
      Include file:  utilities\io\fsl_io.h
      Source file:   utilities\fsl_debug_console.c
      Include file:  utilities\log\fsl_log.h
      Include file:  utilities\str\fsl_str.h
      Include file:  utilities\fsl_debug_console_conf.h
      Include file:  utilities\fsl_debug_console.h
      Source file:   utilities\log\fsl_log.c

   * Component: NXP::Device:Startup:1.0.0
      Include file:  MKL46Z4.h
      Source file:   arm\startup_MKL46Z4.s
      Include file:  MKL46Z4_features.h
      Include file:  fsl_device_registers.h
      Source file:   system_MKL46Z4.c
      Include file:  system_MKL46Z4.h
Build Time Elapsed:  00:00:01
</pre>
</body>
</html>
